../Core/Src/stm32h7xx_it.c:73:6:NMI_Handler	4	static
../Core/Src/stm32h7xx_it.c:88:6:HardFault_Handler	32	static,ignoring_inline_asm
../Core/Src/stm32h7xx_it.c:117:6:hard_fault_handler_c	16	static
../Core/Src/stm32h7xx_it.c:125:6:MemManage_Handler	4	static
../Core/Src/stm32h7xx_it.c:140:6:BusFault_Handler	4	static
../Core/Src/stm32h7xx_it.c:155:6:UsageFault_Handler	4	static
../Core/Src/stm32h7xx_it.c:170:6:DebugMon_Handler	4	static
../Core/Src/stm32h7xx_it.c:183:6:SysTick_Handler	8	static
../Core/Src/stm32h7xx_it.c:212:6:USART1_IRQHandler	8	static
../Core/Src/stm32h7xx_it.c:226:6:USART2_IRQHandler	8	static
../Core/Src/stm32h7xx_it.c:240:6:USART3_IRQHandler	8	static
